ThE ApplE Is rEd.
ThE bAnAnA Is yEllOw.
ThE pEAr Is grEEn.
